[demoqa.com/index.html]
[backblue.gif]
[fade.gif]
[index.html]
[demoqa.com/wp-content/plugins/contact-form-7/includes/css/styles11b8.css]
[demoqa.com/wp-content/plugins/pie-register/css/frontd5f7.css]
[demoqa.com/wp-content/plugins/pie-register/css/validationd5f7.css]
[demoqa.com/wp-content/themes/wp-knowledge-base/styleaff7.css]
[demoqa.com/feed/index.html]
[demoqa.com/comments/feed/index.html]
[demoqa.com/home/feed/index.html]
[demoqa.com/wp-content/themes/wp-knowledge-base/lib/bootstrap/css/bootstrap.minaff7.css]
[demoqa.com/wp-content/themes/wp-knowledge-base/lib/bootstrap/css/bootstrap-theme.minaff7.css]
[demoqa.com/wp-content/themes/wp-knowledge-base/lib/icomoon/styleaff7.css]
[demoqa.com/wp-includes/js/jquery/jqueryb8ff.js]
[demoqa.com/wp-includes/js/jquery/jquery-migrate.min330a.js]
[demoqa.com/wp-content/plugins/pie-register/js/piereg_validationd5f7.js]
[demoqa.com/wp-content/plugins/pie-register/js/CalendarControld5f7.js]
[demoqa.com/wp-includes/js/zxcvbn-async.min5152.js]
[demoqa.com/wp-content/plugins/pie-register/js/datepickerd5f7.js]
[demoqa.com/wp-content/themes/wp-knowledge-base/lib/bootstrap/js/bootstrap.minaff7.js]
[demoqa.com/wp-content/themes/wp-knowledge-base/lib/bootstrap/js/jquery.ipt-kb-bootstrapaff7.js]
[demoqa.com/wp-content/themes/wp-knowledge-base/lib/sticky-kit/jquery.sticky-kit.minaff7.js]
[demoqa.com/wp-content/themes/wp-knowledge-base/js/ipt-kbaff7.js]
[demoqa.com/xmlrpc0db0.php]
[demoqa.com/wp-includes/wlwmanifest.xml]
[demoqa.com/wp-json/index.html]
[demoqa.com/wp-json/oembed/1.0/embeddf32.json]
[demoqa.com/wp-json/oembed/1.0/embed9b7a]
[demoqa.com/wp-admin/admin-ajax.html]
[demoqa.com/wp-content/uploads/2014/08/Tools-QA-213.png]
[demoqa.com/wp-content/uploads/2014/08/pattern-14.png]
[demoqa.com/wp-content/uploads/2014/08/pattern-14-300x237.png]
[demoqa.com/about-us/index.html]
[demoqa.com/services/index.html]
[demoqa.com/wp-content/plugins/contact-form-7/includes/js/scripts11b8.js]
[demoqa.com/wp-content/plugins/contact-form-7/includes/js/jquery.form.mind03d.js]
[demoqa.com/draggable/index.html]
[demoqa.com/wp-includes/js/jquery/ui/widget.mine899.js]
[demoqa.com/tabs/index.html]
[demoqa.com/wp-includes/js/jquery/ui/accordion.mine899.js]
[demoqa.com/blog/index.html]
[demoqa.com/wp-includes/js/jquery/ui/position.mine899.js]
[demoqa.com/contact/index.html]
[demoqa.com/wp-includes/js/jquery/ui/menu.mine899.js]
[demoqa.com/registration/index.html]
[demoqa.com/wp-includes/js/wp-a11y.mina02c.js]
[demoqa.com/droppable/index.html]
[demoqa.com/wp-includes/js/jquery/ui/autocomplete.mine899.js]
[demoqa.com/wp-includes/js/jquery/ui/button.mine899.js]
[demoqa.com/resizable/index.html]
[demoqa.com/selectable/index.html]
[demoqa.com/sortable/index.html]
[demoqa.com/wp-includes/js/jquery/ui/mouse.mine899.js]
[demoqa.com/accordion/index.html]
[demoqa.com/wp-includes/js/jquery/ui/datepicker.mine899.js]
[demoqa.com/autocomplete/index.html]
[demoqa.com/wp-includes/js/jquery/ui/resizable.mine899.js]
[demoqa.com/wp-includes/js/jquery/ui/draggable.mine899.js]
[demoqa.com/datepicker/index.html]
[demoqa.com/wp-includes/js/jquery/ui/dialog.mine899.js]
[demoqa.com/wp-includes/js/jquery/ui/droppable.mine899.js]
[demoqa.com/slider/index.html]
[demoqa.com/menu/index.html]
[demoqa.com/wp-includes/js/jquery/ui/progressbar.mine899.js]
[demoqa.com/tooltip/index.html]
[demoqa.com/wp-includes/js/jquery/ui/selectable.mine899.js]
[demoqa.com/wp-includes/js/jquery/ui/slider.mine899.js]
[demoqa.com/wp-includes/js/jquery/ui/spinner.mine899.js]
[demoqa.com/frames-and-windows/index.html]
[demoqa.com/wp-includes/js/jquery/ui/sortable.mine899.js]
[demoqa.com/wp-includes/js/jquery/ui/tabs.mine899.js]
[demoqa.com/wp-includes/js/jquery/ui/tooltip.mine899.js]
[demoqa.com/wp-includes/js/jquery/ui/effect.mine899.js]
[demoqa.com/wp-includes/js/jquery/ui/effect-blind.mine899.js]
[demoqa.com/wp-includes/js/jquery/ui/effect-bounce.mine899.js]
[demoqa.com/wp-includes/js/jquery/ui/effect-clip.mine899.js]
[demoqa.com/wp-includes/js/jquery/ui/effect-drop.mine899.js]
[demoqa.com/wp-includes/js/jquery/ui/effect-explode.mine899.js]
[demoqa.com/wp-includes/js/jquery/ui/effect-fade.mine899.js]
[demoqa.com/wp-includes/js/jquery/ui/effect-fold.mine899.js]
[demoqa.com/wp-includes/js/jquery/ui/effect-highlight.mine899.js]
[demoqa.com/wp-includes/js/jquery/ui/effect-pulsate.mine899.js]
[demoqa.com/wp-includes/js/jquery/ui/effect-size.mine899.js]
[demoqa.com/wp-includes/js/jquery/ui/effect-scale.mine899.js]
[demoqa.com/wp-includes/js/jquery/ui/effect-shake.mine899.js]
[demoqa.com/wp-includes/js/jquery/ui/effect-slide.mine899.js]
[demoqa.com/wp-includes/js/jquery/ui/effect-transfer.mine899.js]
[demoqa.com/wp-admin/js/password-strength-meter.mina02c.js]
[demoqa.com/wp-content/themes/wp-knowledge-base/js/skip-link-focus-fixaff7.js]
[demoqa.com/wp-includes/js/comment-reply.mina02c.js]
[demoqa.com/index.html]
[demoqa.com/xmlrpc.php]
[demoqa.com/wp-content/plugins/contact-form-7/includes/css/styles11b8.css]
[demoqa.com/wp-includes/js/wp-embed.mina02c.js]
[demoqa.com/wp-content/plugins/pie-register/images/edit_profile.png]
[demoqa.com/wp-content/plugins/pie-register/images/err_msg.png]
[demoqa.com/wp-content/plugins/pie-register/images/success_msg.png]
[demoqa.com/wp-content/plugins/pie-register/images/warning_msg.png]
[demoqa.com/wp-content/plugins/pie-register/fonts/helvetica-webfont.eot]
[demoqa.com/wp-content/plugins/pie-register/fonts/helvetica-webfontd41d.eot]
[demoqa.com/wp-content/plugins/pie-register/fonts/helvetica-webfont.woff]
[demoqa.com/wp-content/plugins/pie-register/fonts/helvetica-webfont.ttf]
[demoqa.com/wp-content/plugins/pie-register/fonts/myriadp2-webfont.eot]
[demoqa.com/wp-content/plugins/pie-register/fonts/myriadp2-webfont.woff]
[demoqa.com/wp-content/plugins/pie-register/fonts/myriadp2-webfont.ttf]
[demoqa.com/wp-content/plugins/pie-register/css/images/animated-overlay.gif]
[demoqa.com/wp-content/plugins/pie-register/css/images/ui-bg_highlight-soft_75_cccccc_1x100.png]
[demoqa.com/wp-content/plugins/pie-register/fonts/myriadp2-webfontd41d.eot]
[demoqa.com/wp-content/plugins/pie-register/css/images/ui-bg_flat_75_ffffff_40x100.png]
[demoqa.com/wp-content/plugins/pie-register/css/images/ui-bg_glass_75_e6e6e6_1x400.png]
[demoqa.com/wp-content/plugins/pie-register/css/images/ui-bg_glass_75_dadada_1x400.png]
[demoqa.com/wp-content/plugins/pie-register/css/images/ui-bg_glass_65_ffffff_1x400.png]
[demoqa.com/wp-content/plugins/pie-register/css/images/ui-bg_glass_55_fbf9ee_1x400.png]
[demoqa.com/wp-content/plugins/pie-register/css/images/ui-bg_glass_95_fef1ec_1x400.png]
[demoqa.com/wp-content/plugins/pie-register/css/images/ui-icons_222222_256x240.png]
[demoqa.com/wp-content/plugins/pie-register/css/images/ui-icons_888888_256x240.png]
[demoqa.com/wp-content/plugins/pie-register/css/images/ui-icons_454545_256x240.png]
[demoqa.com/wp-content/plugins/pie-register/css/images/ui-icons_2e83ff_256x240.png]
[demoqa.com/wp-content/plugins/pie-register/css/images/ui-icons_cd0a0a_256x240.png]
[demoqa.com/wp-content/plugins/pie-register/css/images/ui-bg_flat_0_aaaaaa_40x100.png]
[demoqa.com/wp-content/plugins/pie-register/css/images/ui-anim_basic_16x16.gif]
[demoqa.com/wp-content/plugins/pie-register/css/frontd5f7.css]
[demoqa.com/wp-content/plugins/pie-register/css/validationd5f7.css]
[demoqa.com/wp-content/themes/wp-knowledge-base/styleaff7.css]
[demoqa.com/wp-content/plugins/pie-register/fonts/comic.ttf]
[demoqa.com/wp-content/themes/wp-knowledge-base/lib/bootstrap/fonts/glyphicons-halflings-regular.eot]
[demoqa.com/wp-content/themes/wp-knowledge-base/lib/bootstrap/fonts/glyphicons-halflings-regulard41d.eot]
[demoqa.com/wp-content/themes/wp-knowledge-base/lib/bootstrap/fonts/glyphicons-halflings-regular.woff]
[demoqa.com/wp-content/themes/wp-knowledge-base/lib/bootstrap/fonts/glyphicons-halflings-regular.ttf]
[demoqa.com/wp-content/themes/wp-knowledge-base/lib/bootstrap/css/bootstrap.minaff7.css]
[demoqa.com/wp-content/themes/wp-knowledge-base/lib/bootstrap/css/bootstrap-theme.minaff7.css]
[demoqa.com/wp-content/themes/wp-knowledge-base/lib/icomoon/fonts/ipt-icomoon.eot]
[demoqa.com/wp-content/themes/wp-knowledge-base/lib/icomoon/fonts/ipt-icomoond41d.eot]
[demoqa.com/wp-content/themes/wp-knowledge-base/lib/icomoon/fonts/ipt-icomoon.ttf]
[demoqa.com/wp-content/themes/wp-knowledge-base/lib/icomoon/fonts/ipt-icomoon.woff]
[demoqa.com/wp-content/themes/wp-knowledge-base/lib/icomoon/styleaff7.css]
[demoqa.com/wp-admin/admin-ajax.html]
[demoqa.com/wp-json/oembed/1.0/embed4028.json]
[demoqa.com/about-us/index.html]
[demoqa.com/about-us/feed/index.html]
[demoqa.com/wp-json/oembed/1.0/embedc2f4]
[demoqa.com/indexd1a7.html]
[demoqa.com/wp-json/oembed/1.0/embed169c.json]
[demoqa.com/services/index.html]
[demoqa.com/wp-json/oembed/1.0/embed74ab]
[demoqa.com/services/feed/index.html]
[demoqa.com/index30a5.html]
[demoqa.com/wp-json/oembed/1.0/embeddcbd.json]
[demoqa.com/draggable/index.html]
[demoqa.com/wp-json/oembed/1.0/embed56cd]
[demoqa.com/draggable/feed/index.html]
[demoqa.com/index0345.html]
[demoqa.com/wp-json/oembed/1.0/embed0b96.json]
[demoqa.com/tabs/index.html]
[demoqa.com/wp-json/oembed/1.0/embed9f48]
[demoqa.com/tabs/feed/index.html]
[demoqa.com/index287b.html]
[demoqa.com/wp-content/uploads/2014/08/pattern-14-256x128.png]
[demoqa.com/wp-content/uploads/2014/08/pattern-14-400x200.png]
[demoqa.com/blog/index.html]
[demoqa.com/sample-post2/index.html]
[demoqa.com/author/admin/index.html]
[demoqa.com/sample-post/index.html]
[demoqa.com/wp-json/oembed/1.0/embedf445.json]
[demoqa.com/contact/feed/index.html]
[demoqa.com/index3c55.html]
[demoqa.com/contact/index.html]
[demoqa.com/wp-json/oembed/1.0/embedd498]
[demoqa.com/wp-json/oembed/1.0/embeddfaa.json]
[demoqa.com/index0012.html]
[demoqa.com/registration/index.html]
[demoqa.com/wp-json/oembed/1.0/embedea97]
[demoqa.com/wp-json/oembed/1.0/embedb97b.json]
[demoqa.com/droppable/index.html]
[demoqa.com/wp-json/oembed/1.0/embedeee8]
[demoqa.com/droppable/feed/index.html]
[demoqa.com/index5831.html]
[demoqa.com/wp-json/oembed/1.0/embedfbef.json]
[demoqa.com/resizable/index.html]
[demoqa.com/wp-json/oembed/1.0/embed56db]
[demoqa.com/resizable/feed/index.html]
[demoqa.com/indexbde5.html]
[demoqa.com/wp-json/oembed/1.0/embed3711.json]
[demoqa.com/selectable/feed/index.html]
[demoqa.com/selectable/index.html]
[demoqa.com/indexcbb6.html]
[demoqa.com/wp-json/oembed/1.0/embed0e07]
[demoqa.com/wp-json/oembed/1.0/embed2234.json]
[demoqa.com/sortable/index.html]
[demoqa.com/sortable/feed/index.html]
[demoqa.com/wp-json/oembed/1.0/embed7179]
[demoqa.com/index8bc8.html]
[demoqa.com/wp-json/oembed/1.0/embed45c6.json]
[demoqa.com/accordion/feed/index.html]
[demoqa.com/accordion/index.html]
[demoqa.com/wp-json/oembed/1.0/embed44a8]
[demoqa.com/index3ba0.html]
[demoqa.com/wp-json/oembed/1.0/embed9809.json]
[demoqa.com/autocomplete/index.html]
[demoqa.com/wp-json/oembed/1.0/embed05aa]
[demoqa.com/autocomplete/feed/index.html]
[demoqa.com/index0d0b.html]
[demoqa.com/wp-json/oembed/1.0/embed581c.json]
[demoqa.com/datepicker/index.html]
[demoqa.com/wp-json/oembed/1.0/embedf71d]
[demoqa.com/datepicker/feed/index.html]
[demoqa.com/index2cf9.html]
[demoqa.com/wp-json/oembed/1.0/embedc4b9.json]
[demoqa.com/menu/index.html]
[demoqa.com/wp-json/oembed/1.0/embed1763]
[demoqa.com/menu/feed/index.html]
[demoqa.com/index4170.html]
[demoqa.com/wp-json/oembed/1.0/embed965b.json]
[demoqa.com/slider/index.html]
[demoqa.com/wp-json/oembed/1.0/embed836f]
[demoqa.com/slider/feed/index.html]
[demoqa.com/index04cd.html]
[demoqa.com/wp-json/oembed/1.0/embedbd80.json]
[demoqa.com/tooltip/index.html]
[demoqa.com/wp-json/oembed/1.0/embedabab]
[demoqa.com/tooltip/feed/index.html]
[demoqa.com/index735a.html]
[demoqa.com/wp-json/oembed/1.0/embedd654.json]
[demoqa.com/wp-json/oembed/1.0/embeda54f]
[demoqa.com/frames-and-windows/feed/index.html]
[demoqa.com/frames-and-windows/index.html]
[demoqa.com/wp-content/plugins/pie-register/fonts/helvetica-webfont.svg]
[demoqa.com/wp-content/plugins/pie-register/fonts/myriadp2-webfont.svg]
[demoqa.com/wp-content/themes/wp-knowledge-base/lib/bootstrap/fonts/glyphicons-halflings-regular.svg]
[demoqa.com/wp-content/themes/wp-knowledge-base/lib/icomoon/fonts/ipt-icomoon.svg]
[demoqa.com/indexd1a7.html]
[demoqa.com/index30a5.html]
[demoqa.com/index0345.html]
[demoqa.com/index287b.html]
[demoqa.com/wp-content/themes/wp-knowledge-base/frame1.html]
[demoqa.com/index5757.html]
[demoqa.com/wp-json/oembed/1.0/embed2fcc.json]
[demoqa.com/sample-post2/feed/index.html]
[demoqa.com/sample-post2/index.html]
[demoqa.com/index60bd.html]
[demoqa.com/author/admin/index.html]
[demoqa.com/wp-json/oembed/1.0/embed3b92]
[demoqa.com/category/uncategorized/index.html]
[demoqa.com/author/admin/feed/index.html]
[demoqa.com/wp-json/oembed/1.0/embedfbc6.json]
[demoqa.com/sample-post/index.html]
[demoqa.com/index3c55.html]
[demoqa.com/index0012.html]
[demoqa.com/index5831.html]
[demoqa.com/indexbde5.html]
[demoqa.com/indexcbb6.html]
[demoqa.com/index8bc8.html]
[demoqa.com/index3ba0.html]
[demoqa.com/index0d0b.html]
[demoqa.com/index2cf9.html]
[demoqa.com/index4170.html]
[demoqa.com/index04cd.html]
[demoqa.com/index735a.html]
[demoqa.com/index5757.html]
[demoqa.com/sample-post/feed/index.html]
[demoqa.com/indexa7ab.html]
[demoqa.com/wp-json/oembed/1.0/embedbabc]
[demoqa.com/wp-content/themes/wp-knowledge-base/frame2.html]
[demoqa.com/wp-content/themes/wp-knowledge-base/frame3.html]
[demoqa.com/wp-content/themes/wp-knowledge-base/UntitledFrame-7]
[demoqa.com/wp-content/themes/wp-knowledge-base/frame1.html]
[demoqa.com/index60bd.html]
[demoqa.com/category/uncategorized/index.html]
[demoqa.com/indexa7ab.html]
[demoqa.com/wp-content/themes/wp-knowledge-base/frame2.html]
[demoqa.com/wp-content/themes/wp-knowledge-base/frame3.html]
[demoqa.com/wp-content/themes/wp-knowledge-base/UntitledFrame-7.html]
[demoqa.com/category/uncategorized/feed/index.html]
